// Vitest Snapshot v1, https://vitest.dev/guide/snapshot.html

exports[`CODEx Phoneme Engine Accuracy (QA) > Golden set analysis contract snapshot remains stable 1`] = `
{
  "alliteration": {
    "analyzeDeep": {
      "extendedRhymeKeys": [
        "A-N",
        "EY-open/A-N",
        "IH-open/EY-open/A-N",
        "IH-open/IH-open/EY-open/A-N",
      ],
      "rhymeKey": "A-N",
      "stressPattern": "01010",
      "syllableCount": 5,
      "syllables": [
        {
          "coda": "",
          "onset": "",
          "stress": 0,
          "vowel": "AH0",
          "vowelFamily": "A",
        },
        {
          "coda": "",
          "onset": "L",
          "stress": 2,
          "vowel": "IH2",
          "vowelFamily": "IH",
        },
        {
          "coda": "",
          "onset": "T",
          "stress": 0,
          "vowel": "ER0",
          "vowelFamily": "IH",
        },
        {
          "coda": "",
          "onset": "",
          "stress": 1,
          "vowel": "EY1",
          "vowelFamily": "EY",
        },
        {
          "coda": "N",
          "onset": "SH",
          "stress": 0,
          "vowel": "AH0",
          "vowelFamily": "A",
        },
      ],
    },
    "analyzeWord": {
      "coda": "N",
      "phonemes": [
        "AH0",
        "L",
        "IH2",
        "T",
        "ER0",
        "EY1",
        "SH",
        "AH0",
        "N",
      ],
      "rhymeKey": "A-N",
      "syllableCount": 5,
      "vowelFamily": "EY",
    },
  },
  "error": {
    "analyzeDeep": {
      "extendedRhymeKeys": [
        "IH-open",
        "AE-open/IH-open",
      ],
      "rhymeKey": "IH-open",
      "stressPattern": "10",
      "syllableCount": 2,
      "syllables": [
        {
          "coda": "",
          "onset": "",
          "stress": 1,
          "vowel": "EH1",
          "vowelFamily": "AE",
        },
        {
          "coda": "",
          "onset": "R",
          "stress": 0,
          "vowel": "ER0",
          "vowelFamily": "IH",
        },
      ],
    },
    "analyzeWord": {
      "coda": null,
      "phonemes": [
        "EH1",
        "R",
        "ER0",
      ],
      "rhymeKey": "IH-open",
      "syllableCount": 2,
      "vowelFamily": "AE",
    },
  },
  "phoneme": {
    "analyzeDeep": {
      "extendedRhymeKeys": [
        "IY-M",
        "OW-open/IY-M",
      ],
      "rhymeKey": "IY-M",
      "stressPattern": "11",
      "syllableCount": 2,
      "syllables": [
        {
          "coda": "",
          "onset": "F",
          "stress": 1,
          "vowel": "OW1",
          "vowelFamily": "OW",
        },
        {
          "coda": "M",
          "onset": "N",
          "stress": 2,
          "vowel": "IY2",
          "vowelFamily": "IY",
        },
      ],
    },
    "analyzeWord": {
      "coda": "M",
      "phonemes": [
        "F",
        "OW1",
        "N",
        "IY2",
        "M",
      ],
      "rhymeKey": "IY-M",
      "syllableCount": 2,
      "vowelFamily": "OW",
    },
  },
  "rate": {
    "analyzeDeep": {
      "extendedRhymeKeys": [
        "EY-T",
      ],
      "rhymeKey": "EY-T",
      "stressPattern": "1",
      "syllableCount": 1,
      "syllables": [
        {
          "coda": "T",
          "onset": "R",
          "stress": 1,
          "vowel": "EY1",
          "vowelFamily": "EY",
        },
      ],
    },
    "analyzeWord": {
      "coda": "T",
      "phonemes": [
        "R",
        "EY1",
        "T",
      ],
      "rhymeKey": "EY-T",
      "syllableCount": 1,
      "vowelFamily": "EY",
    },
  },
  "scholomance": {
    "analyzeDeep": {
      "extendedRhymeKeys": [
        "AE-NS",
        "A-open/AE-NS",
        "OW-open/A-open/AE-NS",
      ],
      "rhymeKey": "AE-NS",
      "stressPattern": "101",
      "syllableCount": 3,
      "syllables": [
        {
          "coda": "",
          "onset": "SK",
          "stress": 1,
          "vowel": "OW1",
          "vowelFamily": "OW",
        },
        {
          "coda": "",
          "onset": "L",
          "stress": 0,
          "vowel": "AH0",
          "vowelFamily": "A",
        },
        {
          "coda": "NS",
          "onset": "M",
          "stress": 2,
          "vowel": "AE2",
          "vowelFamily": "AE",
        },
      ],
    },
    "analyzeWord": {
      "coda": "NS",
      "phonemes": [
        "S",
        "K",
        "OW1",
        "L",
        "AH0",
        "M",
        "AE2",
        "N",
        "S",
      ],
      "rhymeKey": "AE-NS",
      "syllableCount": 3,
      "vowelFamily": "OW",
    },
  },
  "through": {
    "analyzeDeep": {
      "extendedRhymeKeys": [
        "UW-open",
      ],
      "rhymeKey": "UW-open",
      "stressPattern": "1",
      "syllableCount": 1,
      "syllables": [
        {
          "coda": "",
          "onset": "THR",
          "stress": 1,
          "vowel": "UW1",
          "vowelFamily": "UW",
        },
      ],
    },
    "analyzeWord": {
      "coda": null,
      "phonemes": [
        "TH",
        "R",
        "UW1",
      ],
      "rhymeKey": "UW-open",
      "syllableCount": 1,
      "vowelFamily": "UW",
    },
  },
  "tough": {
    "analyzeDeep": {
      "extendedRhymeKeys": [
        "A-F",
      ],
      "rhymeKey": "A-F",
      "stressPattern": "1",
      "syllableCount": 1,
      "syllables": [
        {
          "coda": "F",
          "onset": "T",
          "stress": 1,
          "vowel": "AH1",
          "vowelFamily": "A",
        },
      ],
    },
    "analyzeWord": {
      "coda": "F",
      "phonemes": [
        "T",
        "AH1",
        "F",
      ],
      "rhymeKey": "A-F",
      "syllableCount": 1,
      "vowelFamily": "A",
    },
  },
}
`;
